test_duplicate_node_id_rejected (test_archloop_a_contract.GraphValidationTests.test_duplicate_node_id_rejected) ... ok
test_edge_type_restricted (test_archloop_a_contract.GraphValidationTests.test_edge_type_restricted) ... ok
test_process_step_needs_stable_id (test_archloop_a_contract.GraphValidationTests.test_process_step_needs_stable_id) ... ok
test_provenance_is_mandatory (test_archloop_a_contract.GraphValidationTests.test_provenance_is_mandatory) ... ok
test_valid_graph_passes (test_archloop_a_contract.GraphValidationTests.test_valid_graph_passes) ... ok
test_existing_project_accepts_null_revisions (test_archloop_a_contract.IdentityTests.test_existing_project_accepts_null_revisions) ... ok
test_existing_project_needs_stable_repo_id (test_archloop_a_contract.IdentityTests.test_existing_project_needs_stable_repo_id) ... ok
test_planning_rejects_code_fields (test_archloop_a_contract.IdentityTests.test_planning_rejects_code_fields) ... ok
test_assumptions_and_provenance_change_revision (test_archloop_a_contract.RevisionIdentityTests.test_assumptions_and_provenance_change_revision) ... ok
test_layout_only_change_keeps_revision (test_archloop_a_contract.RevisionIdentityTests.test_layout_only_change_keeps_revision) ... ok
test_process_reorder_changes_revision (test_archloop_a_contract.RevisionIdentityTests.test_process_reorder_changes_revision) ... ok
test_semantic_change_mints_new_revision (test_archloop_a_contract.RevisionIdentityTests.test_semantic_change_mints_new_revision) ... ok
test_clean_lineage_legacy_import_is_review_eligible (test_archloop_a_final_fixes.Final2FixTests.test_clean_lineage_legacy_import_is_review_eligible) ... ok
test_identity_revision_matches_graph_after_evidence_downgrade (test_archloop_a_final_fixes.Final2FixTests.test_identity_revision_matches_graph_after_evidence_downgrade) ... ok
test_legacy_import_keeps_sample_lineage_refusal (test_archloop_a_final_fixes.Final2FixTests.test_legacy_import_keeps_sample_lineage_refusal) ... ok
test_identity_drops_published_facts_when_draft_moves_on (test_archloop_a_final_fixes.Final3FixTests.test_identity_drops_published_facts_when_draft_moves_on) ... ok
test_import_claiming_sample_origin_stays_tainted (test_archloop_a_final_fixes.Final3FixTests.test_import_claiming_sample_origin_stays_tainted) ... ok
test_backend_label_splits_storage_and_version_service (test_archloop_a_final_fixes.FinalAuditRegressionTests.test_backend_label_splits_storage_and_version_service) ... ok
test_direct_edit_evidence_checked_against_bound_revision (test_archloop_a_final_fixes.FinalAuditRegressionTests.test_direct_edit_evidence_checked_against_bound_revision) ... ok
test_fix_task_delegates_to_registered_backend (test_archloop_a_final_fixes.FinalAuditRegressionTests.test_fix_task_delegates_to_registered_backend) ... ok
test_legacy_import_cas_validation_and_guard (test_archloop_a_final_fixes.FinalAuditRegressionTests.test_legacy_import_cas_validation_and_guard) ... ok
test_publish_write_back_is_atomically_rechecked (test_archloop_a_final_fixes.FinalAuditRegressionTests.test_publish_write_back_is_atomically_rechecked) ... ok
test_recheck_flags_renamed_old_paths (test_archloop_a_final_fixes.FinalAuditRegressionTests.test_recheck_flags_renamed_old_paths) ... ok
test_sample_correction_poisons_real_origin_draft (test_archloop_a_final_fixes.FinalAuditRegressionTests.test_sample_correction_poisons_real_origin_draft) ... ok
test_full_change_correction_rebind_cycle (test_archloop_a_fixture.FixtureLoopTests.test_full_change_correction_rebind_cycle) ... ok
test_ai_status_reports_unconfigured_here (test_archloop_a_http.ArchLoopHTTPTests.test_ai_status_reports_unconfigured_here) ... 127.0.0.1 - - [07/Oct/2026 12:25:51] "GET /api/ai-status HTTP/1.1" 200 -
ok
test_bad_input_returns_json_error_not_crash (test_archloop_a_http.ArchLoopHTTPTests.test_bad_input_returns_json_error_not_crash) ... 127.0.0.1 - - [07/Oct/2026 12:25:51] "POST /api/archloop/workspaces HTTP/1.1" 500 -
127.0.0.1 - - [07/Oct/2026 12:25:51] "POST /api/archloop/workspaces HTTP/1.1" 400 -
ok
test_cross_origin_write_is_rejected (test_archloop_a_http.ArchLoopHTTPTests.test_cross_origin_write_is_rejected) ... 127.0.0.1 - - [07/Oct/2026 12:25:51] "POST /api/archloop/workspaces HTTP/1.1" 403 -
ok
test_full_user_story_over_http (test_archloop_a_http.ArchLoopHTTPTests.test_full_user_story_over_http) ... 127.0.0.1 - - [07/Oct/2026 12:25:51] "POST /api/archloop/workspaces HTTP/1.1" 200 -
127.0.0.1 - - [07/Oct/2026 12:25:51] "GET /api/archloop/sample-graph?context=planning HTTP/1.1" 200 -
127.0.0.1 - - [07/Oct/2026 12:25:51] "POST /api/archloop/workspaces/ws_20261007122551_c1167b/generate HTTP/1.1" 200 -
127.0.0.1 - - [07/Oct/2026 12:25:51] "POST /api/archloop/workspaces/ws_20261007122551_c1167b/apply-candidate HTTP/1.1" 200 -
127.0.0.1 - - [07/Oct/2026 12:25:51] "POST /api/archloop/workspaces/ws_20261007122551_c1167b/apply-ops HTTP/1.1" 200 -
127.0.0.1 - - [07/Oct/2026 12:25:51] "POST /api/archloop/workspaces/ws_20261007122551_c1167b/apply-ops HTTP/1.1" 409 -
127.0.0.1 - - [07/Oct/2026 12:25:51] "POST /api/archloop/workspaces/ws_20261007122551_c1167b/correction-preview HTTP/1.1" 200 -
127.0.0.1 - - [07/Oct/2026 12:25:51] "POST /api/archloop/workspaces/ws_20261007122551_c1167b/apply-correction HTTP/1.1" 200 -
127.0.0.1 - - [07/Oct/2026 12:25:51] "POST /api/archloop/workspaces/ws_20261007122551_c1167b/review HTTP/1.1" 403 -
127.0.0.1 - - [07/Oct/2026 12:25:51] "POST /api/archloop/workspaces/ws_20261007122551_c1167b/fix-task HTTP/1.1" 200 -
127.0.0.1 - - [07/Oct/2026 12:25:51] "GET /api/archloop/workspaces/ws_20261007122551_c1167b HTTP/1.1" 200 -
ok
test_generate_without_config_is_honest_over_http (test_archloop_a_http.ArchLoopHTTPTests.test_generate_without_config_is_honest_over_http) ... 127.0.0.1 - - [07/Oct/2026 12:25:51] "POST /api/archloop/workspaces HTTP/1.1" 200 -
127.0.0.1 - - [07/Oct/2026 12:25:51] "POST /api/archloop/workspaces/ws_20261007122551_564c05/generate HTTP/1.1" 200 -
ok
test_legacy_snapshot_still_works (test_archloop_a_http.ArchLoopHTTPTests.test_legacy_snapshot_still_works) ... 127.0.0.1 - - [07/Oct/2026 12:25:51] "GET /api/snapshot HTTP/1.1" 200 -
ok
test_recheck_is_post_only (test_archloop_a_http.ArchLoopHTTPTests.test_recheck_is_post_only) ... 127.0.0.1 - - [07/Oct/2026 12:25:51] "POST /api/archloop/workspaces HTTP/1.1" 200 -
127.0.0.1 - - [07/Oct/2026 12:25:51] "GET /api/archloop/workspaces/ws_20261007122551_45b72f/recheck HTTP/1.1" 404 -
127.0.0.1 - - [07/Oct/2026 12:25:51] "POST /api/archloop/workspaces/ws_20261007122551_45b72f/recheck HTTP/1.1" 400 -
ok
test_service_info_and_sample_graph_are_labeled (test_archloop_a_http.ArchLoopHTTPTests.test_service_info_and_sample_graph_are_labeled) ... 127.0.0.1 - - [07/Oct/2026 12:25:51] "GET /api/archloop HTTP/1.1" 200 -
127.0.0.1 - - [07/Oct/2026 12:25:51] "GET /api/archloop/sample-graph HTTP/1.1" 200 -
ok
test_apply_cas_on_existing_draft (test_archloop_a_service.CandidateApplicationTests.test_apply_cas_on_existing_draft) ... ok
test_apply_requires_stored_candidate_id (test_archloop_a_service.CandidateApplicationTests.test_apply_requires_stored_candidate_id) ... ok
test_candidate_source_revision_must_match_binding (test_archloop_a_service.CandidateApplicationTests.test_candidate_source_revision_must_match_binding) ... ok
test_generation_meta_persists_unknowns (test_archloop_a_service.CandidateApplicationTests.test_generation_meta_persists_unknowns) ... ok
test_apply_correction_by_proposal_and_expiry (test_archloop_a_service.CorrectionReviewRecheckTests.test_apply_correction_by_proposal_and_expiry) ... ok
test_correction_preview_dev_sample_is_labeled (test_archloop_a_service.CorrectionReviewRecheckTests.test_correction_preview_dev_sample_is_labeled) ... ok
test_correction_preview_production_without_c_is_unavailable (test_archloop_a_service.CorrectionReviewRecheckTests.test_correction_preview_production_without_c_is_unavailable) ... ok
test_correction_preview_stale_revision_conflicts (test_archloop_a_service.CorrectionReviewRecheckTests.test_correction_preview_stale_revision_conflicts) ... ok
test_fix_task_dev_sample_is_labeled (test_archloop_a_service.CorrectionReviewRecheckTests.test_fix_task_dev_sample_is_labeled) ... ok
test_recheck_detects_new_commit_and_stale_nodes (test_archloop_a_service.CorrectionReviewRecheckTests.test_recheck_detects_new_commit_and_stale_nodes) ... ok
test_review_on_real_origin_draft_is_refused_until_b_lands (test_archloop_a_service.CorrectionReviewRecheckTests.test_review_on_real_origin_draft_is_refused_until_b_lands) ... ok
test_review_records_decision_but_produces_no_version (test_archloop_a_service.CorrectionReviewRecheckTests.test_review_records_decision_but_produces_no_version) ... ok
test_sample_correction_marks_draft_origin (test_archloop_a_service.CorrectionReviewRecheckTests.test_sample_correction_marks_draft_origin) ... ok
test_concurrent_writers_cas_exactly_one_wins (test_archloop_a_service.DraftEditingTests.test_concurrent_writers_cas_exactly_one_wins) ... ok
test_diff_reports_semantic_changes (test_archloop_a_service.DraftEditingTests.test_diff_reports_semantic_changes) ... ok
test_direct_edit_updates_draft_and_identity (test_archloop_a_service.DraftEditingTests.test_direct_edit_updates_draft_and_identity) ... ok
test_process_reorder_keeps_step_ids (test_archloop_a_service.DraftEditingTests.test_process_reorder_keeps_step_ids) ... ok
test_remove_node_with_process_references (test_archloop_a_service.DraftEditingTests.test_remove_node_with_process_references) ... ok
test_wrong_expected_revision_conflicts (test_archloop_a_service.DraftEditingTests.test_wrong_expected_revision_conflicts) ... ok
test_dev_sample_generation_is_labeled (test_archloop_a_service.WorkspaceLifecycleTests.test_dev_sample_generation_is_labeled) ... ok
test_dev_sample_without_graph_is_refused (test_archloop_a_service.WorkspaceLifecycleTests.test_dev_sample_without_graph_is_refused) ... ok
test_existing_workspace_binds_stable_identity (test_archloop_a_service.WorkspaceLifecycleTests.test_existing_workspace_binds_stable_identity) ... ok
test_generation_without_config_is_honest (test_archloop_a_service.WorkspaceLifecycleTests.test_generation_without_config_is_honest) ... ok
test_planning_rejects_code_fact_evidence (test_archloop_a_service.WorkspaceLifecycleTests.test_planning_rejects_code_fact_evidence) ... ok
test_planning_workspace_has_null_code_identity (test_archloop_a_service.WorkspaceLifecycleTests.test_planning_workspace_has_null_code_identity) ... ok
test_unverifiable_code_fact_downgrades_to_unknown (test_archloop_a_service.WorkspaceLifecycleTests.test_unverifiable_code_fact_downgrades_to_unknown) ... ok
test_consumer_selection_review_and_clone_use_real_service (test_archloop_b_consumers.ConsumerContractTests.test_consumer_selection_review_and_clone_use_real_service) ... ok
test_existing_output_is_never_overwritten (test_archloop_b_consumers.ConsumerContractTests.test_existing_output_is_never_overwritten) ... ok
test_guard_refuses_real_source_and_unmarked_run_before_writing (test_archloop_b_consumers.ConsumerContractTests.test_guard_refuses_real_source_and_unmarked_run_before_writing) ... ok
test_trace_never_exports_private_values_or_local_paths (test_archloop_b_consumers.ConsumerContractTests.test_trace_never_exports_private_values_or_local_paths) ... ok
test_accept_cannot_silently_change_candidate (test_archloop_b_proposals.ProposalContractTests.test_accept_cannot_silently_change_candidate) ... ok
test_accept_numeric_bool_equality_cannot_replace_json_identity (test_archloop_b_proposals.ProposalContractTests.test_accept_numeric_bool_equality_cannot_replace_json_identity) ... ok
test_actual_operation_order_preserved_and_output_copied (test_archloop_b_proposals.ProposalContractTests.test_actual_operation_order_preserved_and_output_copied) ... ok
test_add_values_are_typed_without_existing_reference_assumptions (test_archloop_b_proposals.ProposalContractTests.test_add_values_are_typed_without_existing_reference_assumptions) ... ok
test_ai_generation_requires_matching_operation_sources (test_archloop_b_proposals.ProposalContractTests.test_ai_generation_requires_matching_operation_sources) ... ok
test_all_rejected_is_valid_no_write_batch (test_archloop_b_proposals.ProposalContractTests.test_all_rejected_is_valid_no_write_batch) ... ok
test_bootstrap_cannot_mix_operations_or_invalid_graph (test_archloop_b_proposals.ProposalContractTests.test_bootstrap_cannot_mix_operations_or_invalid_graph) ... ok
test_bootstrap_cannot_reuse_an_existing_draft_context (test_archloop_b_proposals.ProposalContractTests.test_bootstrap_cannot_reuse_an_existing_draft_context) ... ok
test_candidate_and_operation_ids_are_global_unique (test_archloop_b_proposals.ProposalContractTests.test_candidate_and_operation_ids_are_global_unique) ... ok
test_code_evidence_shape_and_identity_mismatch (test_archloop_b_proposals.ProposalContractTests.test_code_evidence_shape_and_identity_mismatch) ... ok
test_context_rejects_invalid_identity_sha_draft_and_hash (test_archloop_b_proposals.ProposalContractTests.test_context_rejects_invalid_identity_sha_draft_and_hash) ... ok
test_context_strict_fields_and_copy (test_archloop_b_proposals.ProposalContractTests.test_context_strict_fields_and_copy) ... ok
test_cross_candidate_operations_can_interleave_with_group_order_preserved (test_archloop_b_proposals.ProposalContractTests.test_cross_candidate_operations_can_interleave_with_group_order_preserved) ... ok
test_every_basis_field_must_match_current_context (test_archloop_b_proposals.ProposalContractTests.test_every_basis_field_must_match_current_context) ... ok
test_every_candidate_decided_once (test_archloop_b_proposals.ProposalContractTests.test_every_candidate_decided_once) ... ok
test_failures_do_not_mutate_proposal_selection_or_operations (test_archloop_b_proposals.ProposalContractTests.test_failures_do_not_mutate_proposal_selection_or_operations) ... ok
test_illustrated_patch_selection_and_bootstrap_validate (test_archloop_b_proposals.ProposalContractTests.test_illustrated_patch_selection_and_bootstrap_validate) ... ok
test_layout_boolean_negative_nonfinite_and_nonjson_are_controlled (test_archloop_b_proposals.ProposalContractTests.test_layout_boolean_negative_nonfinite_and_nonjson_are_controlled) ... ok
test_malformed_packet_types_never_escape_machine_error (test_archloop_b_proposals.ProposalContractTests.test_malformed_packet_types_never_escape_machine_error) ... ok
test_mixed_bootstrap_retains_design_and_accepts_bound_code_evidence (test_archloop_b_proposals.ProposalContractTests.test_mixed_bootstrap_retains_design_and_accepts_bound_code_evidence) ... ok
test_mixed_context_after_code_association_requires_fixed_code_identity (test_archloop_b_proposals.ProposalContractTests.test_mixed_context_after_code_association_requires_fixed_code_identity) ... ok
test_modify_add_preserves_new_object_id (test_archloop_b_proposals.ProposalContractTests.test_modify_add_preserves_new_object_id) ... ok
test_modify_reason_optional_but_present_reason_must_be_meaningful (test_archloop_b_proposals.ProposalContractTests.test_modify_reason_optional_but_present_reason_must_be_meaningful) ... ok
test_modify_reorder_preserves_process_and_can_change_order (test_archloop_b_proposals.ProposalContractTests.test_modify_reorder_preserves_process_and_can_change_order) ... ok
test_modify_requires_human_source_and_preserves_target (test_archloop_b_proposals.ProposalContractTests.test_modify_requires_human_source_and_preserves_target) ... ok
test_no_manual_or_duplicate_operation_can_be_smuggled (test_archloop_b_proposals.ProposalContractTests.test_no_manual_or_duplicate_operation_can_be_smuggled) ... ok
test_operation_group_cannot_be_partially_accepted (test_archloop_b_proposals.ProposalContractTests.test_operation_group_cannot_be_partially_accepted) ... ok
test_operation_shape_no_unknown_fields_or_missing_stable_ids (test_archloop_b_proposals.ProposalContractTests.test_operation_shape_no_unknown_fields_or_missing_stable_ids) ... ok
test_oversize_and_recursive_values_are_controlled (test_archloop_b_proposals.ProposalContractTests.test_oversize_and_recursive_values_are_controlled) ... ok
test_packet_and_generation_unknown_fields_are_rejected (test_archloop_b_proposals.ProposalContractTests.test_packet_and_generation_unknown_fields_are_rejected) ... ok
test_packet_tamper_fails_digest_without_mutation (test_archloop_b_proposals.ProposalContractTests.test_packet_tamper_fails_digest_without_mutation) ... ok
test_patch_requires_draft_but_bootstrap_does_not (test_archloop_b_proposals.ProposalContractTests.test_patch_requires_draft_but_bootstrap_does_not) ... ok
test_planning_context_has_null_code_and_no_draft_pair (test_archloop_b_proposals.ProposalContractTests.test_planning_context_has_null_code_and_no_draft_pair) ... ok
test_reject_requires_reason_and_no_applied_operations (test_archloop_b_proposals.ProposalContractTests.test_reject_requires_reason_and_no_applied_operations) ... ok
test_sequential_same_target_group_cannot_reverse_accepted_or_modified_operations (test_archloop_b_proposals.ProposalContractTests.test_sequential_same_target_group_cannot_reverse_accepted_or_modified_operations) ... ok
test_total_operations_are_bounded_by_service_batch_limit (test_archloop_b_proposals.ProposalContractTests.test_total_operations_are_bounded_by_service_batch_limit) ... ok
test_unknown_or_stable_id_update_fields_are_rejected (test_archloop_b_proposals.ProposalContractTests.test_unknown_or_stable_id_update_fields_are_rejected) ... ok
test_wrong_api_version_and_nonlist_unknowns (test_archloop_b_proposals.ProposalContractTests.test_wrong_api_version_and_nonlist_unknowns) ... ok
test_ai_candidate_edit_reopen_stable_ids_and_step_order (test_archloop_b_service.ArchitectureWorkspaceTests.test_ai_candidate_edit_reopen_stable_ids_and_step_order) ... ok
test_associate_code_retains_design_history_and_requires_new_check (test_archloop_b_service.ArchitectureWorkspaceTests.test_associate_code_retains_design_history_and_requires_new_check) ... ok
test_code_context_change_invalidates_preview (test_archloop_b_service.ArchitectureWorkspaceTests.test_code_context_change_invalidates_preview) ... ok
test_code_symlink_is_not_evidence (test_archloop_b_service.ArchitectureWorkspaceTests.test_code_symlink_is_not_evidence) ... ok
test_confirmation_is_bound_to_session_even_same_actor (test_archloop_b_service.ArchitectureWorkspaceTests.test_confirmation_is_bound_to_session_even_same_actor) ... ok
test_data_root_and_write_repo_cannot_overlap_code (test_archloop_b_service.ArchitectureWorkspaceTests.test_data_root_and_write_repo_cannot_overlap_code) ... ok
test_dirty_architecture_repo_refused_without_overwrite (test_archloop_b_service.ArchitectureWorkspaceTests.test_dirty_architecture_repo_refused_without_overwrite) ... ok
test_expired_and_changed_draft_previews_rejected (test_archloop_b_service.ArchitectureWorkspaceTests.test_expired_and_changed_draft_previews_rejected) ... ok
test_file_write_failure_is_not_success_and_is_recoverable (test_archloop_b_service.ArchitectureWorkspaceTests.test_file_write_failure_is_not_success_and_is_recoverable) ... ok
test_git_failure_retry_exactly_one_commit_and_frozen_draft (test_archloop_b_service.ArchitectureWorkspaceTests.test_git_failure_retry_exactly_one_commit_and_frozen_draft) ... ok
test_git_version_reader_rejects_tampered_review (test_archloop_b_service.ArchitectureWorkspaceTests.test_git_version_reader_rejects_tampered_review) ... ok
test_interruption_after_commit_recovers_on_new_service (test_archloop_b_service.ArchitectureWorkspaceTests.test_interruption_after_commit_recovers_on_new_service) ... ok
test_layout_is_not_semantic_version_and_history_restore_new_draft (test_archloop_b_service.ArchitectureWorkspaceTests.test_layout_is_not_semantic_version_and_history_restore_new_draft) ... ok
test_legacy_extension_loads_read_only_and_blocks_post (test_archloop_b_service.ArchitectureWorkspaceTests.test_legacy_extension_loads_read_only_and_blocks_post) ... ok
test_legacy_import_unconfirmed_and_layout_separate (test_archloop_b_service.ArchitectureWorkspaceTests.test_legacy_import_unconfirmed_and_layout_separate) ... ok
test_malformed_json_shapes_get_controlled_errors (test_archloop_b_service.ArchitectureWorkspaceTests.test_malformed_json_shapes_get_controlled_errors) ... ok
test_no_review_no_formal_write (test_archloop_b_service.ArchitectureWorkspaceTests.test_no_review_no_formal_write) ... ok
test_operation_action_rejects_ignored_fields_without_partial_edit (test_archloop_b_service.ArchitectureWorkspaceTests.test_operation_action_rejects_ignored_fields_without_partial_edit) ... ok
test_origin_host_peer_and_csrf_are_enforced (test_archloop_b_service.ArchitectureWorkspaceTests.test_origin_host_peer_and_csrf_are_enforced) ... ok
test_partial_coverage_does_not_extend_to_new_head (test_archloop_b_service.ArchitectureWorkspaceTests.test_partial_coverage_does_not_extend_to_new_head) ... ok
test_pending_publication_cannot_be_rejected_by_an_older_preview (test_archloop_b_service.ArchitectureWorkspaceTests.test_pending_publication_cannot_be_rejected_by_an_older_preview) ... ok
test_planning_cannot_claim_implemented_or_verified (test_archloop_b_service.ArchitectureWorkspaceTests.test_planning_cannot_claim_implemented_or_verified) ... ok
test_planning_confirmation_has_null_code_and_design_only (test_archloop_b_service.ArchitectureWorkspaceTests.test_planning_confirmation_has_null_code_and_design_only) ... ok
test_process_exit_before_atomic_replace_is_recoverable (test_archloop_b_service.ArchitectureWorkspaceTests.test_process_exit_before_atomic_replace_is_recoverable) ... ok
test_publication_lock_open_failure_has_controlled_error (test_archloop_b_service.ArchitectureWorkspaceTests.test_publication_lock_open_failure_has_controlled_error) ... ok
test_real_git_commit_error_and_retry_preserve_single_version (test_archloop_b_service.ArchitectureWorkspaceTests.test_real_git_commit_error_and_retry_preserve_single_version) ... ok
test_real_git_export_and_second_clone_match (test_archloop_b_service.ArchitectureWorkspaceTests.test_real_git_export_and_second_clone_match) ... ok
test_recovery_refuses_unrelated_changes (test_archloop_b_service.ArchitectureWorkspaceTests.test_recovery_refuses_unrelated_changes) ... ok
test_reference_rejection_rolls_back_whole_batch (test_archloop_b_service.ArchitectureWorkspaceTests.test_reference_rejection_rolls_back_whole_batch) ... ok
test_reimport_own_version_preserves_original_immutable_envelope (test_archloop_b_service.ArchitectureWorkspaceTests.test_reimport_own_version_preserves_original_immutable_envelope) ... ok
test_replay_idempotency_and_reject_does_not_publish (test_archloop_b_service.ArchitectureWorkspaceTests.test_replay_idempotency_and_reject_does_not_publish) ... ok
test_second_client_imports_git_version_and_reopens (test_archloop_b_service.ArchitectureWorkspaceTests.test_second_client_imports_git_version_and_reopens) ... ok
test_semantic_rename_creates_new_version_old_bytes_immutable (test_archloop_b_service.ArchitectureWorkspaceTests.test_semantic_rename_creates_new_version_old_bytes_immutable) ... ok
test_source_identity_change_and_incompatible_branch_rejected (test_archloop_b_service.ArchitectureWorkspaceTests.test_source_identity_change_and_incompatible_branch_rejected) ... ok
test_stale_preview_after_other_version_published (test_archloop_b_service.ArchitectureWorkspaceTests.test_stale_preview_after_other_version_published) ... ok
test_two_approved_drafts_cannot_overwrite_current_version (test_archloop_b_service.ArchitectureWorkspaceTests.test_two_approved_drafts_cannot_overwrite_current_version) ... ok
test_two_processes_cas_exactly_one_success (test_archloop_b_service.ArchitectureWorkspaceTests.test_two_processes_cas_exactly_one_success) ... ok
test_unknown_and_incomplete_coverage_cannot_verify (test_archloop_b_service.ArchitectureWorkspaceTests.test_unknown_and_incomplete_coverage_cannot_verify) ... ok
test_unknown_legacy_path_is_not_silently_verified (test_archloop_b_service.ArchitectureWorkspaceTests.test_unknown_legacy_path_is_not_silently_verified) ... ok
test_unsafe_paths_missing_line_and_cross_repo_evidence_fail (test_archloop_b_service.ArchitectureWorkspaceTests.test_unsafe_paths_missing_line_and_cross_repo_evidence_fail) ... ok
test_worktree_text_is_not_fixed_commit_evidence (test_archloop_b_service.ArchitectureWorkspaceTests.test_worktree_text_is_not_fixed_commit_evidence) ... ok
test_wrong_graph_repo_proposal_and_digest_rejected (test_archloop_b_service.ArchitectureWorkspaceTests.test_wrong_graph_repo_proposal_and_digest_rejected) ... ok
test_existing_state_and_repository_inside_state_target_are_not_overwritten (test_archloop_b_surface_http.FixtureGuardTests.test_existing_state_and_repository_inside_state_target_are_not_overwritten) ... ok
test_wrong_fixture_flag_origin_or_branch_fails_before_state_writes (test_archloop_b_surface_http.FixtureGuardTests.test_wrong_fixture_flag_origin_or_branch_fails_before_state_writes) ... ok
test_cross_origin_request_with_valid_cookie_and_csrf_is_denied (test_archloop_b_surface_http.FixtureSurfaceHTTPTests.test_cross_origin_request_with_valid_cookie_and_csrf_is_denied) ... ok
test_duplicate_content_length_or_boundary_headers_are_rejected (test_archloop_b_surface_http.FixtureSurfaceHTTPTests.test_duplicate_content_length_or_boundary_headers_are_rejected) ... ok
test_incomplete_body_gets_controlled_error_after_socket_timeout (test_archloop_b_surface_http.FixtureSurfaceHTTPTests.test_incomplete_body_gets_controlled_error_after_socket_timeout) ... ok
test_invalid_csrf_and_duplicate_session_cookie_do_not_authorize (test_archloop_b_surface_http.FixtureSurfaceHTTPTests.test_invalid_csrf_and_duplicate_session_cookie_do_not_authorize) ... ok
test_other_valid_session_cannot_confirm_original_preview (test_archloop_b_surface_http.FixtureSurfaceHTTPTests.test_other_valid_session_cannot_confirm_original_preview) ... ok
test_other_valid_session_cannot_publish_original_human_review (test_archloop_b_surface_http.FixtureSurfaceHTTPTests.test_other_valid_session_cannot_publish_original_human_review) ... ok
test_oversize_chunked_and_unsupported_content_type_rejected (test_archloop_b_surface_http.FixtureSurfaceHTTPTests.test_oversize_chunked_and_unsupported_content_type_rejected) ... ok
test_real_http_prepare_review_publish_never_exports_private_grants (test_archloop_b_surface_http.FixtureSurfaceHTTPTests.test_real_http_prepare_review_publish_never_exports_private_grants) ... ok
test_session_cookie_is_http_only_strict_and_operator_is_hardcoded (test_archloop_b_surface_http.FixtureSurfaceHTTPTests.test_session_cookie_is_http_only_strict_and_operator_is_hardcoded) ... ok
test_session_rejects_missing_cross_origin_and_wrong_host (test_archloop_b_surface_http.FixtureSurfaceHTTPTests.test_session_rejects_missing_cross_origin_and_wrong_host) ... ok
test_strict_json_rejects_duplicates_nonfinite_invalid_utf8_and_types (test_archloop_b_surface_http.FixtureSurfaceHTTPTests.test_strict_json_rejects_duplicates_nonfinite_invalid_utf8_and_types) ... ok
test_transport_does_not_log_session_headers_or_request_failures (test_archloop_b_surface_http.FixtureSurfaceHTTPTests.test_transport_does_not_log_session_headers_or_request_failures) ... ok
test_unauthenticated_write_and_body_auth_forgery_are_denied (test_archloop_b_surface_http.FixtureSurfaceHTTPTests.test_unauthenticated_write_and_body_auth_forgery_are_denied) ... ok
test_unknown_endpoint_and_methods_return_json_errors (test_archloop_b_surface_http.FixtureSurfaceHTTPTests.test_unknown_endpoint_and_methods_return_json_errors) ... ok
test_cumulative_rejection_limit_refuses_second_batch_without_trapping_review (test_archloop_b_surface_regressions.ArchitectureSurfaceRegressionTests.test_cumulative_rejection_limit_refuses_second_batch_without_trapping_review) ... ok
test_expired_preview_is_pruned_and_cannot_confirm_or_change_state (test_archloop_b_surface_regressions.ArchitectureSurfaceRegressionTests.test_expired_preview_is_pruned_and_cannot_confirm_or_change_state) ... ok
test_full_preview_cache_refuses_before_write_then_prunes_expired_slot (test_archloop_b_surface_regressions.ArchitectureSurfaceRegressionTests.test_full_preview_cache_refuses_before_write_then_prunes_expired_slot) ... ok
test_other_draft_publication_invalidates_editability_and_retry_projection (test_archloop_b_surface_regressions.ArchitectureSurfaceRegressionTests.test_other_draft_publication_invalidates_editability_and_retry_projection) ... ok
test_reject_all_after_accept_invalidates_approval_and_retains_review_reasons (test_archloop_b_surface_regressions.ArchitectureSurfaceRegressionTests.test_reject_all_after_accept_invalidates_approval_and_retains_review_reasons) ... ok
test_reused_proposal_id_with_second_draft_basis_rolls_back_atomically (test_archloop_b_surface_regressions.ArchitectureSurfaceRegressionTests.test_reused_proposal_id_with_second_draft_basis_rolls_back_atomically) ... ok
test_accept_modify_reject_save_records_actual_selection_and_review_reason (test_archloop_b_surfaces.ArchitectureWorkspaceSurfaceTests.test_accept_modify_reject_save_records_actual_selection_and_review_reason) ... ok
test_actual_second_clone_import_checks_entire_exact_reference_before_writes (test_archloop_b_surfaces.ArchitectureWorkspaceSurfaceTests.test_actual_second_clone_import_checks_entire_exact_reference_before_writes) ... ok
test_all_reject_saves_revision_and_durable_audit_without_changing_graph (test_archloop_b_surfaces.ArchitectureWorkspaceSurfaceTests.test_all_reject_saves_revision_and_durable_audit_without_changing_graph) ... ok
test_bad_batch_rolls_back_draft_and_fixed_proposal_record (test_archloop_b_surfaces.ArchitectureWorkspaceSurfaceTests.test_bad_batch_rolls_back_draft_and_fixed_proposal_record) ... ok
test_bootstrap_validation_and_selected_graph_prepare_are_separate (test_archloop_b_surfaces.ArchitectureWorkspaceSurfaceTests.test_bootstrap_validation_and_selected_graph_prepare_are_separate) ... ok
test_c_validation_never_saves_candidate_or_changes_draft_or_git (test_archloop_b_surfaces.ArchitectureWorkspaceSurfaceTests.test_c_validation_never_saves_candidate_or_changes_draft_or_git) ... ok
test_changed_draft_invalidates_existing_preview (test_archloop_b_surfaces.ArchitectureWorkspaceSurfaceTests.test_changed_draft_invalidates_existing_preview) ... ok
test_expired_session_and_bad_transport_deny_reads_and_writes_without_state_change (test_archloop_b_surfaces.ArchitectureWorkspaceSurfaceTests.test_expired_session_and_bad_transport_deny_reads_and_writes_without_state_change) ... ok
test_failed_publication_retains_original_journal_and_same_session_retry (test_archloop_b_surfaces.ArchitectureWorkspaceSurfaceTests.test_failed_publication_retains_original_journal_and_same_session_retry) ... ok
test_foreign_workspace_and_draft_do_not_leak_current_context_or_graph (test_archloop_b_surfaces.ArchitectureWorkspaceSurfaceTests.test_foreign_workspace_and_draft_do_not_leak_current_context_or_graph) ... ok
test_malformed_and_non_json_requests_return_controlled_errors (test_archloop_b_surfaces.ArchitectureWorkspaceSurfaceTests.test_malformed_and_non_json_requests_return_controlled_errors) ... ok
test_old_accept_replay_after_new_reject_does_not_claim_publish_authority (test_archloop_b_surfaces.ArchitectureWorkspaceSurfaceTests.test_old_accept_replay_after_new_reject_does_not_claim_publish_authority) ... ok
test_open_checks_full_context_before_applying_new_target_revision (test_archloop_b_surfaces.ArchitectureWorkspaceSurfaceTests.test_open_checks_full_context_before_applying_new_target_revision) ... ok
test_planning_publish_associate_code_and_prepare_mixed_draft_preserve_design (test_archloop_b_surfaces.ArchitectureWorkspaceSurfaceTests.test_planning_publish_associate_code_and_prepare_mixed_draft_preserve_design) ... ok
test_prepare_checks_full_context_again_inside_durable_transaction (test_archloop_b_surfaces.ArchitectureWorkspaceSurfaceTests.test_prepare_checks_full_context_again_inside_durable_transaction) ... ok
test_rejected_operation_cannot_be_smuggled_into_save (test_archloop_b_surfaces.ArchitectureWorkspaceSurfaceTests.test_rejected_operation_cannot_be_smuggled_into_save) ... ok
test_restart_does_not_restore_publication_authority_from_review_id (test_archloop_b_surfaces.ArchitectureWorkspaceSurfaceTests.test_restart_does_not_restore_publication_authority_from_review_id) ... ok
test_same_actor_other_session_cannot_confirm_preview_or_publish_review (test_archloop_b_surfaces.ArchitectureWorkspaceSurfaceTests.test_same_actor_other_session_cannot_confirm_preview_or_publish_review) ... ok
test_same_session_review_publication_and_replay_never_return_raw_grants (test_archloop_b_surfaces.ArchitectureWorkspaceSurfaceTests.test_same_session_review_publication_and_replay_never_return_raw_grants) ... ok
test_stale_basis_returns_complete_current_context_for_authorized_scope (test_archloop_b_surfaces.ArchitectureWorkspaceSurfaceTests.test_stale_basis_returns_complete_current_context_for_authorized_scope) ... ok
test_worker_roles_cannot_write_or_read_ungranted_latest_or_exact_version (test_archloop_b_surfaces.ArchitectureWorkspaceSurfaceTests.test_worker_roles_cannot_write_or_read_ungranted_latest_or_exact_version) ... ok
test_bootstrap_existing_project_mode (test_archloop_c_candidates.TestArchloopCCandidates.test_bootstrap_existing_project_mode)
验证已有代码模式：带具体 codeRevision 与代码符号证据。 ... ok
test_bootstrap_planning_mode (test_archloop_c_candidates.TestArchloopCCandidates.test_bootstrap_planning_mode)
验证无代码规划模式：codeRepoId 与 codeRevision 为 null，依据为需求 ID。 ... ok
test_incremental_proposal_operations (test_archloop_c_candidates.TestArchloopCCandidates.test_incremental_proposal_operations)
验证增量更新提案：处理新增、修改与删除文件。 ... ok
test_incremental_proposal_stale_context (test_archloop_c_candidates.TestArchloopCCandidates.test_incremental_proposal_stale_context)
验证代码版本不一致时返回 STALE_CONTEXT。 ... ok
test_nl_correction_patch_preserves_unselected_nodes (test_archloop_c_candidates.TestArchloopCCandidates.test_nl_correction_patch_preserves_unselected_nodes)
验证自然语言纠正仅生成局部 Patch，不覆盖未选中节点。 ... ok
test_process_deviation_controllable_and_unknown (test_archloop_c_candidates.TestArchloopCCandidates.test_process_deviation_controllable_and_unknown)
验证过程偏差：缺少证据返回 UNKNOWN；存在绕过返回具体偏差。 ... ok
test_actual_fixture_success_does_not_mean_product_pass (test_archloop_d_acceptance.AcceptanceHonestyTests.test_actual_fixture_success_does_not_mean_product_pass) ... ok
test_fixture_generator_refuses_existing_checkout_and_ignores_git_env (test_archloop_d_acceptance.AcceptanceHonestyTests.test_fixture_generator_refuses_existing_checkout_and_ignores_git_env) ... ok
test_wrong_ui_version_or_missing_evidence_is_rejected (test_archloop_d_acceptance.AcceptanceHonestyTests.test_wrong_ui_version_or_missing_evidence_is_rejected) ... ok
test_configured_A_D_factory_requires_real_B_version_binding (test_archloop_d_adapter.AdapterTests.test_configured_A_D_factory_requires_real_B_version_binding) ... ok
test_missing_provider_bindings_are_not_faked (test_archloop_d_adapter.AdapterTests.test_missing_provider_bindings_are_not_faked) ... ok
test_concurrent_stale_writers_no_overwrite (test_archloop_d_fix_tasks.FixTasksTests.test_concurrent_stale_writers_no_overwrite) ... ok
test_done_json_or_claim_is_not_verification (test_archloop_d_fix_tasks.FixTasksTests.test_done_json_or_claim_is_not_verification) ... ok
test_failed_test_does_not_close_deviation (test_archloop_d_fix_tasks.FixTasksTests.test_failed_test_does_not_close_deviation) ... ok
test_fixture_execution_cannot_target_formal_root (test_archloop_d_fix_tasks.FixTasksTests.test_fixture_execution_cannot_target_formal_root) ... ok
test_idempotent_create_history_reopen_and_markdown (test_archloop_d_fix_tasks.FixTasksTests.test_idempotent_create_history_reopen_and_markdown) ... ok
test_json_provider_is_not_actual_verification (test_archloop_d_fix_tasks.FixTasksTests.test_json_provider_is_not_actual_verification) ... ok
test_out_of_scope_wrong_repo_missing_or_old_sha_rejected (test_archloop_d_fix_tasks.FixTasksTests.test_out_of_scope_wrong_repo_missing_or_old_sha_rejected) ... ok
test_real_fix_submission_then_test_and_confirmation (test_archloop_d_fix_tasks.FixTasksTests.test_real_fix_submission_then_test_and_confirmation) ... ok
test_reject_then_rework_keeps_history (test_archloop_d_fix_tasks.FixTasksTests.test_reject_then_rework_keeps_history) ... ok
test_second_client_receives_transfer_without_inheriting_verified (test_archloop_d_fix_tasks.FixTasksTests.test_second_client_receives_transfer_without_inheriting_verified) ... ok
test_unknown_process_planning_and_wrong_evidence_rejected (test_archloop_d_fix_tasks.FixTasksTests.test_unknown_process_planning_and_wrong_evidence_rejected) ... ok
test_unrelated_branch_and_dirty_changes_rejected (test_archloop_d_fix_tasks.FixTasksTests.test_unrelated_branch_and_dirty_changes_rejected) ... ok
test_credentials_and_bad_shapes_rejected (test_archloop_d_handoff.SameVersionTests.test_credentials_and_bad_shapes_rejected) ... ok
test_dirty_workspaces_preserved (test_archloop_d_handoff.SameVersionTests.test_dirty_workspaces_preserved) ... ok
test_inherited_git_environment_does_not_redirect_checks (test_archloop_d_handoff.SameVersionTests.test_inherited_git_environment_does_not_redirect_checks) ... ok
test_missing_source_is_draft_not_trusted (test_archloop_d_handoff.SameVersionTests.test_missing_source_is_draft_not_trusted) ... ok
test_planning_null_sha_round_trip (test_archloop_d_handoff.SameVersionTests.test_planning_null_sha_round_trip) ... ok
test_tampered_packet_even_rehashed_is_not_git_version (test_archloop_d_handoff.SameVersionTests.test_tampered_packet_even_rehashed_is_not_git_version) ... ok
test_two_independent_clones_exact_version_no_formal_write (test_archloop_d_handoff.SameVersionTests.test_two_independent_clones_exact_version_no_formal_write) ... ok
test_worklog_snapshot_reads_fixed_version_without_writing_original (test_archloop_d_handoff.SameVersionTests.test_worklog_snapshot_reads_fixed_version_without_writing_original) ... ok
test_wrong_same_name_repo_rejected (test_archloop_d_handoff.SameVersionTests.test_wrong_same_name_repo_rejected) ... ok
test_confirmation_is_bound_to_session_task_and_preview (test_archloop_d_http.GatewayHttpTests.test_confirmation_is_bound_to_session_task_and_preview) ... ok
test_legacy_http_contract_does_not_open_unprotected_new_write (test_archloop_d_http.GatewayHttpTests.test_legacy_http_contract_does_not_open_unprotected_new_write) ... ok
test_missing_real_provider_does_not_fabricate_verification (test_archloop_d_http.GatewayHttpTests.test_missing_real_provider_does_not_fabricate_verification) ... ok
test_real_http_session_csrf_cross_origin_and_forged_context (test_archloop_d_http.GatewayHttpTests.test_real_http_session_csrf_cross_origin_and_forged_context) ... ok

----------------------------------------------------------------------
Ran 222 tests in 21.895s

OK
