test_actual_fixture_success_does_not_mean_product_pass (test_archloop_d_acceptance.AcceptanceHonestyTests.test_actual_fixture_success_does_not_mean_product_pass) ... ok
test_fixture_generator_refuses_existing_checkout_and_ignores_git_env (test_archloop_d_acceptance.AcceptanceHonestyTests.test_fixture_generator_refuses_existing_checkout_and_ignores_git_env) ... ok
test_wrong_ui_version_or_missing_evidence_is_rejected (test_archloop_d_acceptance.AcceptanceHonestyTests.test_wrong_ui_version_or_missing_evidence_is_rejected) ... ok
test_configured_A_D_factory_requires_real_B_version_binding (test_archloop_d_adapter.AdapterTests.test_configured_A_D_factory_requires_real_B_version_binding) ... ok
test_missing_provider_bindings_are_not_faked (test_archloop_d_adapter.AdapterTests.test_missing_provider_bindings_are_not_faked) ... ok
test_concurrent_stale_writers_no_overwrite (test_archloop_d_fix_tasks.FixTasksTests.test_concurrent_stale_writers_no_overwrite) ... ok
test_done_json_or_claim_is_not_verification (test_archloop_d_fix_tasks.FixTasksTests.test_done_json_or_claim_is_not_verification) ... ok
test_failed_test_does_not_close_deviation (test_archloop_d_fix_tasks.FixTasksTests.test_failed_test_does_not_close_deviation) ... ok
test_fixture_execution_cannot_target_formal_root (test_archloop_d_fix_tasks.FixTasksTests.test_fixture_execution_cannot_target_formal_root) ... ok
test_idempotent_create_history_reopen_and_markdown (test_archloop_d_fix_tasks.FixTasksTests.test_idempotent_create_history_reopen_and_markdown) ... ok
test_json_provider_is_not_actual_verification (test_archloop_d_fix_tasks.FixTasksTests.test_json_provider_is_not_actual_verification) ... ok
test_out_of_scope_wrong_repo_missing_or_old_sha_rejected (test_archloop_d_fix_tasks.FixTasksTests.test_out_of_scope_wrong_repo_missing_or_old_sha_rejected) ... ok
test_real_fix_submission_then_test_and_confirmation (test_archloop_d_fix_tasks.FixTasksTests.test_real_fix_submission_then_test_and_confirmation) ... ok
test_reject_then_rework_keeps_history (test_archloop_d_fix_tasks.FixTasksTests.test_reject_then_rework_keeps_history) ... ok
test_second_client_receives_transfer_without_inheriting_verified (test_archloop_d_fix_tasks.FixTasksTests.test_second_client_receives_transfer_without_inheriting_verified) ... ok
test_unknown_process_planning_and_wrong_evidence_rejected (test_archloop_d_fix_tasks.FixTasksTests.test_unknown_process_planning_and_wrong_evidence_rejected) ... ok
test_unrelated_branch_and_dirty_changes_rejected (test_archloop_d_fix_tasks.FixTasksTests.test_unrelated_branch_and_dirty_changes_rejected) ... ok
test_credentials_and_bad_shapes_rejected (test_archloop_d_handoff.SameVersionTests.test_credentials_and_bad_shapes_rejected) ... ok
test_dirty_workspaces_preserved (test_archloop_d_handoff.SameVersionTests.test_dirty_workspaces_preserved) ... ok
test_inherited_git_environment_does_not_redirect_checks (test_archloop_d_handoff.SameVersionTests.test_inherited_git_environment_does_not_redirect_checks) ... ok
test_missing_source_is_draft_not_trusted (test_archloop_d_handoff.SameVersionTests.test_missing_source_is_draft_not_trusted) ... ok
test_planning_null_sha_round_trip (test_archloop_d_handoff.SameVersionTests.test_planning_null_sha_round_trip) ... ok
test_tampered_packet_even_rehashed_is_not_git_version (test_archloop_d_handoff.SameVersionTests.test_tampered_packet_even_rehashed_is_not_git_version) ... ok
test_two_independent_clones_exact_version_no_formal_write (test_archloop_d_handoff.SameVersionTests.test_two_independent_clones_exact_version_no_formal_write) ... ok
test_worklog_snapshot_reads_fixed_version_without_writing_original (test_archloop_d_handoff.SameVersionTests.test_worklog_snapshot_reads_fixed_version_without_writing_original) ... ok
test_wrong_same_name_repo_rejected (test_archloop_d_handoff.SameVersionTests.test_wrong_same_name_repo_rejected) ... ok
test_confirmation_is_bound_to_session_task_and_preview (test_archloop_d_http.GatewayHttpTests.test_confirmation_is_bound_to_session_task_and_preview) ... ok
test_legacy_http_contract_does_not_open_unprotected_new_write (test_archloop_d_http.GatewayHttpTests.test_legacy_http_contract_does_not_open_unprotected_new_write) ... ok
test_missing_real_provider_does_not_fabricate_verification (test_archloop_d_http.GatewayHttpTests.test_missing_real_provider_does_not_fabricate_verification) ... ok
test_real_http_session_csrf_cross_origin_and_forged_context (test_archloop_d_http.GatewayHttpTests.test_real_http_session_csrf_cross_origin_and_forged_context) ... ok

----------------------------------------------------------------------
Ran 30 tests in 9.511s

OK
